The graph specified in /home/cs237/files/graph1.in
does contain a clique of size 5 with vertices
2 3 4 10 11 

The graph specified in /home/cs237/files/graph1.in
DOES NOT contain a clique of size 5 with vertices
2 4 5 10 11 

The graph specified in /home/cs237/files/graph1.in
does contain an anti-clique of size 4 with vertices
1 3 5 8 

The graph specified in /home/cs237/files/graph1.in
DOES NOT contain an anti-clique of size 4 with vertices
4 5 8 11 

